
╔════════════════════════════════════════════════════════════════════════════════════════════════════╗
║▒▒▒▒▒▒▒▒▒▒▒▒▒▒▒▒▒▒▒▒▒▒▒▒▒▒▒▒▒▒▒《 General Simulation Configuration 》▒▒▒▒▒▒▒▒▒▒▒▒▒▒▒▒▒▒▒▒▒▒▒▒▒▒▒▒▒▒▒║
╠════════════════════════════════════════════════════════════════════════════════════════════════════╣
║ Dataset: /workspace/EVASim/datasets/vectordb/spacev250m_10m.txt                                    ║
║ Numeric format: 32 bits                                                                            ║
║ Num batches: 2                                                                                     ║
║ Num tables: 1                                                                                      ║
║ Batch Size (samples per batch): 1                                                                  ║
║ Vectors per table: 250000000                                                                       ║
║ Lookups per sample: 2500000                                                                        ║
║ Embedding Dimension 100                                                                            ║
╚════════════════════════════════════════════════════════════════════════════════════════════════════╝
(Time elapsed(s) in model and data gen:   1.678038sec)
[DEBUG] lS_i shape: (2, 1, 2500000)
[DEBUG] addr_trace shape: (2, 1, 10000000)
Converting vector indices into virtual memory addresses for batch 0...
Converting vector indices into virtual memory addresses for batch 1...
(Time elapsed(s) in address generation:  32.072404sec)

╔════════════════════════════════════════════════════════════════════════════════════════════════════╗
║▒▒▒▒▒▒▒▒▒▒▒▒▒▒▒▒▒▒▒▒▒▒▒▒▒▒▒▒▒▒▒▒▒《 On-Chip Memory Configuration 》▒▒▒▒▒▒▒▒▒▒▒▒▒▒▒▒▒▒▒▒▒▒▒▒▒▒▒▒▒▒▒▒▒║
╠════════════════════════════════════════════════════════════════════════════════════════════════════╣
║ Memory size: 1073741824 B (1024 MB)                                                                ║
║ Memory type: cache                                                                                 ║
║ Memory policy: cache_SRRIP                                                                         ║
║ Cache way: 16-way                                                                                  ║
║ Cache line size: 128 B                                                                             ║
║ Cache set: 524288 sets                                                                             ║
║ Cache tag bits: 22 bits                                                                            ║
╚════════════════════════════════════════════════════════════════════════════════════════════════════╝
on mem data structure size: 4578.43 KB
(Time elapsed(s) in create memory structure:   0.115072sec)

╔════════════════════════════════════════════════════════════════════════════════════════════════════╗
║▒▒▒▒▒▒▒▒▒▒▒▒▒▒▒▒▒▒▒▒▒▒▒▒▒▒▒▒▒▒▒▒▒▒▒▒▒▒▒《 Simulation Start 》▒▒▒▒▒▒▒▒▒▒▒▒▒▒▒▒▒▒▒▒▒▒▒▒▒▒▒▒▒▒▒▒▒▒▒▒▒▒▒║
╚════════════════════════════════════════════════════════════════════════════════════════════════════╝
Processing batch 0...
Processing batch 1...
Simulation Done

╔════════════════════════════════════════════════════════════════════════════════════════════════════╗
║▒▒▒▒▒▒▒▒▒▒▒▒▒▒▒▒▒▒▒▒▒▒▒▒▒▒▒▒▒▒▒▒▒▒▒▒▒▒《 Simulation Results 》▒▒▒▒▒▒▒▒▒▒▒▒▒▒▒▒▒▒▒▒▒▒▒▒▒▒▒▒▒▒▒▒▒▒▒▒▒▒║
╠════════════════════════════════════════════════════════════════════════════════════════════════════╣
║ Total hit ratio: 0.9513                                                                            ║
║ Total accesses: 20000000                                                                           ║
║ Total hits: 19026280                                                                               ║
║ Total misses: 973720                                                                               ║
║ ----------------------------------------                                                           ║
║ Per batch results                                                                                  ║
║ [Batch 0] hit ratio: 0.9044   accesses: 10000000   hits: 9043780   misses: 956220                  ║
║ [Batch 1] hit ratio: 0.9982   accesses: 10000000   hits: 9982500   misses: 17500                   ║
╚════════════════════════════════════════════════════════════════════════════════════════════════════╝
(Time elapsed(s) in do simulation:  42.059173sec)
[DEBUG] workload_type: vectordb



 START ENERGY ESTIMATION 

Setting parameters for energy estimation...
Setting workload configuration...
Setting energy table configuration...
 [DEBUG] action type and count for op 0: add 1280000000.0
 [DEBUG] action type and count for op 1: mul 1280000000.0
 [DEBUG] action type and count for op 0: add 1280000000.0
 [DEBUG] action type and count for op 1: mul 1280000000.0

╔════════════════════════════════════════════════════════════════════════════════════════════════════╗
║▒▒▒▒▒▒▒▒▒▒▒▒▒▒▒▒▒▒▒▒▒▒▒▒▒▒▒▒▒▒▒▒▒▒▒《 Energy Estimation Results 》▒▒▒▒▒▒▒▒▒▒▒▒▒▒▒▒▒▒▒▒▒▒▒▒▒▒▒▒▒▒▒▒▒▒▒║
╚════════════════════════════════════════════════════════════════════════════════════════════════════╝

╔════════════════════════════════════════════════════════════════════════════════════════════════════╗
║▒▒▒▒▒▒▒▒▒▒▒▒▒▒▒▒▒▒▒▒▒▒▒▒▒▒▒▒▒▒▒▒▒▒▒《 Energy Estimation Results 》▒▒▒▒▒▒▒▒▒▒▒▒▒▒▒▒▒▒▒▒▒▒▒▒▒▒▒▒▒▒▒▒▒▒▒║
╠════════════════════════════════════════════════════════════════════════════════════════════════════╣
║ Total Energy: 17959324569.600 pJ                                                                   ║
║ Off-chip Memory Energy: 5452832000.000 pJ (30.36%)                                                 ║
║ On-chip Memory Energy: 8986492569.600 pJ (50.04%)                                                  ║
║ Operations Energy:                                                                                 ║
║   - Operation 0: 576000000.000 pJ (3.21%)                                                          ║
║   - Operation 1: 2368000000.000 pJ (13.19%)                                                        ║
║   - Operation 2: 571500000.000 pJ (3.18%)                                                          ║
║   - Operation 3: 4500000.000 pJ (0.03%)                                                            ║
║                                                                                                    ║
║ Per-Batch Energy:                                                                                  ║
║   - Batch 0:                                                                                       ║
║     Total Energy: 11386390169.600 pJ                                                               ║
║     Off-chip Memory Energy: 5354832000.000 pJ                                                      ║
║     On-chip Memory Energy: 4271558169.600 pJ                                                       ║
║     Operations Energy:                                                                             ║
║       - Operation 0: 288000000.000 pJ                                                              ║
║       - Operation 1: 1184000000.000 pJ                                                             ║
║       - Operation 2: 285750000.000 pJ                                                              ║
║       - Operation 3: 2250000.000 pJ                                                                ║
║   - Batch 1:                                                                                       ║
║     Total Energy: 6572934400.000 pJ                                                                ║
║     Off-chip Memory Energy: 98000000.000 pJ                                                        ║
║     On-chip Memory Energy: 4714934400.000 pJ                                                       ║
║     Operations Energy:                                                                             ║
║       - Operation 0: 288000000.000 pJ                                                              ║
║       - Operation 1: 1184000000.000 pJ                                                             ║
║       - Operation 2: 285750000.000 pJ                                                              ║
║       - Operation 3: 2250000.000 pJ                                                                ║
╚════════════════════════════════════════════════════════════════════════════════════════════════════╝
(Time elapsed(s) in energy estimation:   0.002429sec)
