
╔════════════════════════════════════════════════════════════════════════════════════════════════════╗
║▒▒▒▒▒▒▒▒▒▒▒▒▒▒▒▒▒▒▒▒▒▒▒▒▒▒▒▒▒▒▒《 General Simulation Configuration 》▒▒▒▒▒▒▒▒▒▒▒▒▒▒▒▒▒▒▒▒▒▒▒▒▒▒▒▒▒▒▒║
╠════════════════════════════════════════════════════════════════════════════════════════════════════╣
║ Dataset: /workspace/EVASim/datasets/vectordb/deep250m_10m.txt                                      ║
║ Numeric format: 32 bits                                                                            ║
║ Num batches: 2                                                                                     ║
║ Num tables: 1                                                                                      ║
║ Batch Size (samples per batch): 1                                                                  ║
║ Vectors per table: 250000000                                                                       ║
║ Lookups per sample: 2500000                                                                        ║
║ Embedding Dimension 96                                                                             ║
╚════════════════════════════════════════════════════════════════════════════════════════════════════╝
(Time elapsed(s) in model and data gen:   1.779490sec)
[DEBUG] lS_i shape: (2, 1, 2500000)
[DEBUG] addr_trace shape: (2, 1, 7500000)
Converting vector indices into virtual memory addresses for batch 0...
Converting vector indices into virtual memory addresses for batch 1...
(Time elapsed(s) in address generation:  24.613600sec)

╔════════════════════════════════════════════════════════════════════════════════════════════════════╗
║▒▒▒▒▒▒▒▒▒▒▒▒▒▒▒▒▒▒▒▒▒▒▒▒▒▒▒▒▒▒▒▒▒《 On-Chip Memory Configuration 》▒▒▒▒▒▒▒▒▒▒▒▒▒▒▒▒▒▒▒▒▒▒▒▒▒▒▒▒▒▒▒▒▒║
╠════════════════════════════════════════════════════════════════════════════════════════════════════╣
║ Memory size: 134217728 B (128 MB)                                                                  ║
║ Memory type: spad                                                                                  ║
║ Memory policy: spad_naive                                                                          ║
╚════════════════════════════════════════════════════════════════════════════════════════════════════╝
[DEBUG] t_i: 0
[DEBUG] on_mem has 1048576 elements.
on mem data structure size: 8192.11 KB
(Time elapsed(s) in create memory structure:   1.497471sec)

╔════════════════════════════════════════════════════════════════════════════════════════════════════╗
║▒▒▒▒▒▒▒▒▒▒▒▒▒▒▒▒▒▒▒▒▒▒▒▒▒▒▒▒▒▒▒▒▒▒▒▒▒▒▒《 Simulation Start 》▒▒▒▒▒▒▒▒▒▒▒▒▒▒▒▒▒▒▒▒▒▒▒▒▒▒▒▒▒▒▒▒▒▒▒▒▒▒▒║
╚════════════════════════════════════════════════════════════════════════════════════════════════════╝
Simulation for batch 0...
Simulation for batch 1...
Simulation Done

╔════════════════════════════════════════════════════════════════════════════════════════════════════╗
║▒▒▒▒▒▒▒▒▒▒▒▒▒▒▒▒▒▒▒▒▒▒▒▒▒▒▒▒▒▒▒▒▒▒▒▒▒▒《 Simulation Results 》▒▒▒▒▒▒▒▒▒▒▒▒▒▒▒▒▒▒▒▒▒▒▒▒▒▒▒▒▒▒▒▒▒▒▒▒▒▒║
╠════════════════════════════════════════════════════════════════════════════════════════════════════╣
║ Total hit ratio: 0.0006                                                                            ║
║ Total accesses: 15000000                                                                           ║
║ Total hits: 9000                                                                                   ║
║ Total misses: 14991000                                                                             ║
║                                                                                                    ║
║ Per batch results:                                                                                 ║
║ [Batch 0] hit ratio: 0.0000 accesses: 7500000 hits: 0 misses: 7500000                              ║
║ [Batch 0] spad load: 0                                                                             ║
║ [Batch 1] hit ratio: 0.0012 accesses: 7500000 hits: 9000 misses: 7491000                           ║
║ [Batch 1] spad load: 0                                                                             ║
╚════════════════════════════════════════════════════════════════════════════════════════════════════╝
(Time elapsed(s) in do simulation:   0.641163sec)
[DEBUG] workload_type: vectordb



 START ENERGY ESTIMATION 

Setting parameters for energy estimation...
Setting workload configuration...
Setting energy table configuration...
 [DEBUG] action type and count for op 0: add 960000000.0
 [DEBUG] action type and count for op 1: mul 960000000.0
 [DEBUG] action type and count for op 0: add 960000000.0
 [DEBUG] action type and count for op 1: mul 960000000.0

╔════════════════════════════════════════════════════════════════════════════════════════════════════╗
║▒▒▒▒▒▒▒▒▒▒▒▒▒▒▒▒▒▒▒▒▒▒▒▒▒▒▒▒▒▒▒▒▒▒▒《 Energy Estimation Results 》▒▒▒▒▒▒▒▒▒▒▒▒▒▒▒▒▒▒▒▒▒▒▒▒▒▒▒▒▒▒▒▒▒▒▒║
╚════════════════════════════════════════════════════════════════════════════════════════════════════╝

╔════════════════════════════════════════════════════════════════════════════════════════════════════╗
║▒▒▒▒▒▒▒▒▒▒▒▒▒▒▒▒▒▒▒▒▒▒▒▒▒▒▒▒▒▒▒▒▒▒▒《 Energy Estimation Results 》▒▒▒▒▒▒▒▒▒▒▒▒▒▒▒▒▒▒▒▒▒▒▒▒▒▒▒▒▒▒▒▒▒▒▒║
╠════════════════════════════════════════════════════════════════════════════════════════════════════╣
║ Total Energy: 86593850880.000 pJ                                                                   ║
║ Off-chip Memory Energy: 83949600000.000 pJ (96.95%)                                                ║
║ On-chip Memory Energy: 4250880.000 pJ (0.00%)                                                      ║
║ Operations Energy:                                                                                 ║
║   - Operation 0: 432000000.000 pJ (0.50%)                                                          ║
║   - Operation 1: 1776000000.000 pJ (2.05%)                                                         ║
║   - Operation 2: 428625000.000 pJ (0.49%)                                                          ║
║   - Operation 3: 3375000.000 pJ (0.00%)                                                            ║
║                                                                                                    ║
║ Per-Batch Energy:                                                                                  ║
║   - Batch 0:                                                                                       ║
║     Total Energy: 43320000000.000 pJ                                                               ║
║     Off-chip Memory Energy: 42000000000.000 pJ                                                     ║
║     On-chip Memory Energy: 0.000 pJ                                                                ║
║     Operations Energy:                                                                             ║
║       - Operation 0: 216000000.000 pJ                                                              ║
║       - Operation 1: 888000000.000 pJ                                                              ║
║       - Operation 2: 214312500.000 pJ                                                              ║
║       - Operation 3: 1687500.000 pJ                                                                ║
║   - Batch 1:                                                                                       ║
║     Total Energy: 43273850880.000 pJ                                                               ║
║     Off-chip Memory Energy: 41949600000.000 pJ                                                     ║
║     On-chip Memory Energy: 4250880.000 pJ                                                          ║
║     Operations Energy:                                                                             ║
║       - Operation 0: 216000000.000 pJ                                                              ║
║       - Operation 1: 888000000.000 pJ                                                              ║
║       - Operation 2: 214312500.000 pJ                                                              ║
║       - Operation 3: 1687500.000 pJ                                                                ║
╚════════════════════════════════════════════════════════════════════════════════════════════════════╝
(Time elapsed(s) in energy estimation:   0.002692sec)
