
╔════════════════════════════════════════════════════════════════════════════════════════════════════╗
║▒▒▒▒▒▒▒▒▒▒▒▒▒▒▒▒▒▒▒▒▒▒▒▒▒▒▒▒▒▒▒《 General Simulation Configuration 》▒▒▒▒▒▒▒▒▒▒▒▒▒▒▒▒▒▒▒▒▒▒▒▒▒▒▒▒▒▒▒║
╠════════════════════════════════════════════════════════════════════════════════════════════════════╣
║ Dataset: /workspace/EVASim/datasets/vectordb/deep250m_10m.txt                                      ║
║ Numeric format: 32 bits                                                                            ║
║ Num batches: 2                                                                                     ║
║ Num tables: 1                                                                                      ║
║ Batch Size (samples per batch): 1                                                                  ║
║ Vectors per table: 250000000                                                                       ║
║ Lookups per sample: 2500000                                                                        ║
║ Embedding Dimension 96                                                                             ║
╚════════════════════════════════════════════════════════════════════════════════════════════════════╝
(Time elapsed(s) in model and data gen:   1.681698sec)
[DEBUG] lS_i shape: (2, 1, 2500000)
[DEBUG] addr_trace shape: (2, 1, 7500000)
Converting vector indices into virtual memory addresses for batch 0...
Converting vector indices into virtual memory addresses for batch 1...
(Time elapsed(s) in address generation:  24.467072sec)

╔════════════════════════════════════════════════════════════════════════════════════════════════════╗
║▒▒▒▒▒▒▒▒▒▒▒▒▒▒▒▒▒▒▒▒▒▒▒▒▒▒▒▒▒▒▒▒▒《 On-Chip Memory Configuration 》▒▒▒▒▒▒▒▒▒▒▒▒▒▒▒▒▒▒▒▒▒▒▒▒▒▒▒▒▒▒▒▒▒║
╠════════════════════════════════════════════════════════════════════════════════════════════════════╣
║ Memory size: 134217728 B (128 MB)                                                                  ║
║ Memory type: profile                                                                               ║
║ Memory policy: profile_dynamic_cache                                                               ║
╚════════════════════════════════════════════════════════════════════════════════════════════════════╝
[DEBUG] logger can contain 349525 vectors
[DEBUG] logger is empty. Set the spad with the naive method.
on mem data structure size: 8192.11 KB
(Time elapsed(s) in create memory structure:   1.491966sec)

╔════════════════════════════════════════════════════════════════════════════════════════════════════╗
║▒▒▒▒▒▒▒▒▒▒▒▒▒▒▒▒▒▒▒▒▒▒▒▒▒▒▒▒▒▒▒▒▒▒▒▒▒▒▒《 Simulation Start 》▒▒▒▒▒▒▒▒▒▒▒▒▒▒▒▒▒▒▒▒▒▒▒▒▒▒▒▒▒▒▒▒▒▒▒▒▒▒▒║
╚════════════════════════════════════════════════════════════════════════════════════════════════════╝
[DEBUG] dynamic_counter_threshold: 7500000
Simulation for batch 0...
[DEBUG] logger is not empty. Set the spad with the logger entries.
[DEBUG] on_mem_set type: <class 'numpy.ndarray'>, shape: (1048576,), dtype: int64
[DEBUG] on_mem_set[0]: 11717908224, on_mem_set[-1]: 112219427584
Simulation for batch 0...
[DEBUG] logger is not empty. Set the spad with the logger entries.
[DEBUG] on_mem_set type: <class 'numpy.ndarray'>, shape: (1048576,), dtype: int64
[DEBUG] on_mem_set[0]: 11717908224, on_mem_set[-1]: 112219427584
Simulation Done

╔════════════════════════════════════════════════════════════════════════════════════════════════════╗
║▒▒▒▒▒▒▒▒▒▒▒▒▒▒▒▒▒▒▒▒▒▒▒▒▒▒▒▒▒▒▒▒▒▒▒▒▒▒《 Simulation Results 》▒▒▒▒▒▒▒▒▒▒▒▒▒▒▒▒▒▒▒▒▒▒▒▒▒▒▒▒▒▒▒▒▒▒▒▒▒▒║
╠════════════════════════════════════════════════════════════════════════════════════════════════════╣
║ Total hit ratio: 0.0699                                                                            ║
║ Total accesses: 15000000                                                                           ║
║ Total hits: 1048576                                                                                ║
║ Total misses: 13951424                                                                             ║
║                                                                                                    ║
║ Per batch results:                                                                                 ║
║ [Batch 0] hit ratio: 0.0000 accesses: 7500000 hits: 0 misses: 7500000                              ║
║ [Batch 0] spad load: 1048576                                                                       ║
║ [Batch 0] logger hit ratio: 0.0000 accesses: 7500000 hits: 0 misses: 7500000                       ║
║ [Batch 1] hit ratio: 0.1398 accesses: 7500000 hits: 1048576 misses: 6451424                        ║
║ [Batch 1] spad load: 1048576                                                                       ║
║ [Batch 1] logger hit ratio: 0.0000 accesses: 7500000 hits: 0 misses: 7500000                       ║
╚════════════════════════════════════════════════════════════════════════════════════════════════════╝
(Time elapsed(s) in do simulation: 2852.118855sec)
[DEBUG] workload_type: vectordb



 START ENERGY ESTIMATION 

Setting parameters for energy estimation...
Setting workload configuration...
Setting energy table configuration...
 [DEBUG] action type and count for op 0: vadd 7500000.0
 [DEBUG] action type and count for op 0: add 960000000.0
 [DEBUG] action type and count for op 0: add 240000000
 [DEBUG] action type and count for op 1: vmul 7500000.0
 [DEBUG] action type and count for op 1: mul 960000000.0
 [DEBUG] action type and count for op 1: mul 240000000
 [DEBUG] action type and count for op 2: add 952500000.0
 [DEBUG] action type and count for op 2: add 238125000
 [DEBUG] action type and count for op 3: cmp 7500000.0
 [DEBUG] action type and count for op 3: cmp 1875000
 [DEBUG] action type and count for op 0: vadd 7500000.0
 [DEBUG] action type and count for op 0: add 960000000.0
 [DEBUG] action type and count for op 0: add 240000000
 [DEBUG] action type and count for op 1: vmul 7500000.0
 [DEBUG] action type and count for op 1: mul 960000000.0
 [DEBUG] action type and count for op 1: mul 240000000
 [DEBUG] action type and count for op 2: add 952500000.0
 [DEBUG] action type and count for op 2: add 238125000
 [DEBUG] action type and count for op 3: cmp 7500000.0
 [DEBUG] action type and count for op 3: cmp 1875000

╔════════════════════════════════════════════════════════════════════════════════════════════════════╗
║▒▒▒▒▒▒▒▒▒▒▒▒▒▒▒▒▒▒▒▒▒▒▒▒▒▒▒▒▒▒▒▒▒▒▒《 Energy Estimation Results 》▒▒▒▒▒▒▒▒▒▒▒▒▒▒▒▒▒▒▒▒▒▒▒▒▒▒▒▒▒▒▒▒▒▒▒║
╚════════════════════════════════════════════════════════════════════════════════════════════════════╝

╔════════════════════════════════════════════════════════════════════════════════════════════════════╗
║▒▒▒▒▒▒▒▒▒▒▒▒▒▒▒▒▒▒▒▒▒▒▒▒▒▒▒▒▒▒▒▒▒▒▒《 Energy Estimation Results 》▒▒▒▒▒▒▒▒▒▒▒▒▒▒▒▒▒▒▒▒▒▒▒▒▒▒▒▒▒▒▒▒▒▒▒║
╠════════════════════════════════════════════════════════════════════════════════════════════════════╣
║ Total Energy: 81263237816.320 pJ                                                                   ║
║ Off-chip Memory Energy: 78127974400.000 pJ (96.14%)                                                ║
║ On-chip Memory Energy: 495263416.320 pJ (0.61%)                                                    ║
║ Operations Energy:                                                                                 ║
║   - Operation 0: 432000000.000 pJ (0.53%)                                                          ║
║   - Operation 1: 1776000000.000 pJ (2.19%)                                                         ║
║   - Operation 2: 428625000.000 pJ (0.53%)                                                          ║
║   - Operation 3: 3375000.000 pJ (0.00%)                                                            ║
║                                                                                                    ║
║ Per-Batch Energy:                                                                                  ║
║   - Batch 0:                                                                                       ║
║     Total Energy: 43320000000.000 pJ                                                               ║
║     Off-chip Memory Energy: 42000000000.000 pJ                                                     ║
║     On-chip Memory Energy: 0.000 pJ                                                                ║
║     Operations Energy:                                                                             ║
║       - Operation 0: 216000000.000 pJ                                                              ║
║       - Operation 1: 888000000.000 pJ                                                              ║
║       - Operation 2: 214312500.000 pJ                                                              ║
║       - Operation 3: 1687500.000 pJ                                                                ║
║   - Batch 1:                                                                                       ║
║     Total Energy: 37943237816.320 pJ                                                               ║
║     Off-chip Memory Energy: 36127974400.000 pJ                                                     ║
║     On-chip Memory Energy: 495263416.320 pJ                                                        ║
║     Operations Energy:                                                                             ║
║       - Operation 0: 216000000.000 pJ                                                              ║
║       - Operation 1: 888000000.000 pJ                                                              ║
║       - Operation 2: 214312500.000 pJ                                                              ║
║       - Operation 3: 1687500.000 pJ                                                                ║
╚════════════════════════════════════════════════════════════════════════════════════════════════════╝
(Time elapsed(s) in energy estimation:   0.002554sec)
