
╔════════════════════════════════════════════════════════════════════════════════════════════════════╗
║▒▒▒▒▒▒▒▒▒▒▒▒▒▒▒▒▒▒▒▒▒▒▒▒▒▒▒▒▒▒▒《 General Simulation Configuration 》▒▒▒▒▒▒▒▒▒▒▒▒▒▒▒▒▒▒▒▒▒▒▒▒▒▒▒▒▒▒▒║
╠════════════════════════════════════════════════════════════════════════════════════════════════════╣
║ Dataset: /workspace/EVASim/datasets/wikipedia/wikitext_10m.txt                                     ║
║ Numeric format: 8 bits                                                                             ║
║ Num batches: 2                                                                                     ║
║ Num tables: 1                                                                                      ║
║ Batch Size (samples per batch): 1                                                                  ║
║ Vectors per table: 131072                                                                          ║
║ Lookups per sample: 131072                                                                         ║
║ Embedding Dimension 8192                                                                           ║
╚════════════════════════════════════════════════════════════════════════════════════════════════════╝
(Time elapsed(s) in model and data gen:   1.365613sec)
[DEBUG] lS_i shape: (2, 1, 131072)
[DEBUG] addr_trace shape: (2, 1, 8388608)
Converting vector indices into virtual memory addresses for batch 0...
Converting vector indices into virtual memory addresses for batch 1...
(Time elapsed(s) in address generation:  26.546081sec)
[DEBUG] profiled_path: /workspace/EVASim/datasets/profiled_datasets/wikitext_10m.txt
[DEBUG] cache_way: 16 cache_line_size: 128 cache_set: 131072

╔════════════════════════════════════════════════════════════════════════════════════════════════════╗
║▒▒▒▒▒▒▒▒▒▒▒▒▒▒▒▒▒▒▒▒▒▒▒▒▒▒▒▒▒▒▒▒▒《 On-Chip Memory Configuration 》▒▒▒▒▒▒▒▒▒▒▒▒▒▒▒▒▒▒▒▒▒▒▒▒▒▒▒▒▒▒▒▒▒║
╠════════════════════════════════════════════════════════════════════════════════════════════════════╣
║ Memory size: 268435456 B (256 MB)                                                                  ║
║ Memory type: profile                                                                               ║
║ Memory policy: profile_dynamic_cache                                                               ║
╚════════════════════════════════════════════════════════════════════════════════════════════════════╝
[DEBUG] logger can contain 524288 vectors
[DEBUG] logger is empty. Set the spad with the naive method.
on mem data structure size: 16384.11 KB
(Time elapsed(s) in create memory structure:   3.131891sec)

╔════════════════════════════════════════════════════════════════════════════════════════════════════╗
║▒▒▒▒▒▒▒▒▒▒▒▒▒▒▒▒▒▒▒▒▒▒▒▒▒▒▒▒▒▒▒▒▒▒▒▒▒▒▒《 Simulation Start 》▒▒▒▒▒▒▒▒▒▒▒▒▒▒▒▒▒▒▒▒▒▒▒▒▒▒▒▒▒▒▒▒▒▒▒▒▒▒▒║
╚════════════════════════════════════════════════════════════════════════════════════════════════════╝
[DEBUG] dynamic_counter_threshold: 8388608
Simulation for batch 0...
[DEBUG] logger is not empty. Set the spad with the logger entries.
[DEBUG] on_mem_set type: <class 'numpy.ndarray'>, shape: (2097152,), dtype: int64
[DEBUG] on_mem_set[0]: 117972864, on_mem_set[-1]: 0
Simulation for batch 0...
[DEBUG] logger is not empty. Set the spad with the logger entries.
[DEBUG] on_mem_set type: <class 'numpy.ndarray'>, shape: (2097152,), dtype: int64
[DEBUG] on_mem_set[0]: 117972864, on_mem_set[-1]: 0
Simulation Done

╔════════════════════════════════════════════════════════════════════════════════════════════════════╗
║▒▒▒▒▒▒▒▒▒▒▒▒▒▒▒▒▒▒▒▒▒▒▒▒▒▒▒▒▒▒▒▒▒▒▒▒▒▒《 Simulation Results 》▒▒▒▒▒▒▒▒▒▒▒▒▒▒▒▒▒▒▒▒▒▒▒▒▒▒▒▒▒▒▒▒▒▒▒▒▒▒║
╠════════════════════════════════════════════════════════════════════════════════════════════════════╣
║ Total hit ratio: 0.9571                                                                            ║
║ Total accesses: 16777216                                                                           ║
║ Total hits: 16057216                                                                               ║
║ Total misses: 720000                                                                               ║
║                                                                                                    ║
║ Per batch results:                                                                                 ║
║ [Batch 0] hit ratio: 0.9142 accesses: 8388608 hits: 7668608 misses: 720000                         ║
║ [Batch 0] spad load: 2097152                                                                       ║
║ [Batch 0] logger hit ratio: 0.8999 accesses: 8388608 hits: 7548736 misses: 839872                  ║
║ [Batch 1] hit ratio: 1.0000 accesses: 8388608 hits: 8388608 misses: 0                              ║
║ [Batch 1] spad load: 2097152                                                                       ║
║ [Batch 1] logger hit ratio: 1.0000 accesses: 8388608 hits: 8388608 misses: 0                       ║
╚════════════════════════════════════════════════════════════════════════════════════════════════════╝
(Time elapsed(s) in do simulation:  10.983391sec)
[DEBUG] workload_type: wikipedia



 START ENERGY ESTIMATION 

Setting parameters for energy estimation...
Setting workload configuration...
Setting energy table configuration...

╔════════════════════════════════════════════════════════════════════════════════════════════════════╗
║▒▒▒▒▒▒▒▒▒▒▒▒▒▒▒▒▒▒▒▒▒▒▒▒▒▒▒▒▒▒▒▒▒▒▒《 Energy Estimation Results 》▒▒▒▒▒▒▒▒▒▒▒▒▒▒▒▒▒▒▒▒▒▒▒▒▒▒▒▒▒▒▒▒▒▒▒║
╚════════════════════════════════════════════════════════════════════════════════════════════════════╝

╔════════════════════════════════════════════════════════════════════════════════════════════════════╗
║▒▒▒▒▒▒▒▒▒▒▒▒▒▒▒▒▒▒▒▒▒▒▒▒▒▒▒▒▒▒▒▒▒▒▒《 Energy Estimation Results 》▒▒▒▒▒▒▒▒▒▒▒▒▒▒▒▒▒▒▒▒▒▒▒▒▒▒▒▒▒▒▒▒▒▒▒║
╠════════════════════════════════════════════════════════════════════════════════════════════════════╣
║ Total Energy: 11616144261.120 pJ                                                                   ║
║ Off-chip Memory Energy: 4032000000.000 pJ (34.71%)                                                 ║
║ On-chip Memory Energy: 7584144261.120 pJ (65.29%)                                                  ║
║ Operations Energy:                                                                                 ║
║                                                                                                    ║
║ Per-Batch Energy:                                                                                  ║
║   - Batch 0:                                                                                       ║
║     Total Energy: 7654036930.560 pJ                                                                ║
║     Off-chip Memory Energy: 4032000000.000 pJ                                                      ║
║     On-chip Memory Energy: 3622036930.560 pJ                                                       ║
║     Operations Energy:                                                                             ║
║   - Batch 1:                                                                                       ║
║     Total Energy: 3962107330.560 pJ                                                                ║
║     Off-chip Memory Energy: 0.000 pJ                                                               ║
║     On-chip Memory Energy: 3962107330.560 pJ                                                       ║
║     Operations Energy:                                                                             ║
╚════════════════════════════════════════════════════════════════════════════════════════════════════╝
(Time elapsed(s) in energy estimation:   0.002540sec)
